test_global_module_control_flow.py(18, 11): ❓ unknown - global 'branch_value' is bound
test_global_module_control_flow.py(17, 27): ❓ unknown - (read_branch_value ensures) Return type constraint
test_global_module_control_flow.py(22, 11): ❓ unknown - global 'loop_value' is bound
test_global_module_control_flow.py(21, 25): ❓ unknown - (read_loop_value ensures) Return type constraint
test_global_module_control_flow.py(26, 11): ❓ unknown - global 'loop_index' is bound
test_global_module_control_flow.py(25, 25): ❓ unknown - (read_loop_index ensures) Return type constraint
test_global_module_control_flow.py(4, 0): ✅ pass - assert(…)
test_global_module_control_flow.py(5, 6): ✅ pass - global 'loop_guard' is bound
test_global_module_control_flow.py(10, 0): ✅ pass - global 'left' is bound
test_global_module_control_flow.py(10, 0): ✅ pass - Check PAdd exception
test_global_module_control_flow.py(11, 0): ✅ pass - precondition
test_global_module_control_flow.py(13, 18): ✅ pass - precondition
test_global_module_control_flow.py(29, 0): ❓ unknown - if-body assignment creates module field
test_global_module_control_flow.py(30, 0): ❓ unknown - while-body assignment creates module field
test_global_module_control_flow.py(31, 0): ❓ unknown - for target creates module field
test_global_module_control_flow.py(32, 7): ✅ pass - global 'left' is bound
test_global_module_control_flow.py(32, 0): ✅ pass - module augmented assignment updates module field
test_global_module_control_flow.py(33, 7): ✅ pass - global 'right' is bound
test_global_module_control_flow.py(33, 0): ✅ pass - chained assignment initializes every module field
test_global_module_control_flow.py(34, 7): ✅ pass - global 'first' is bound
test_global_module_control_flow.py(34, 0): ✅ pass - destructuring initializes first module field
test_global_module_control_flow.py(35, 7): ✅ pass - global 'second' is bound
test_global_module_control_flow.py(35, 0): ✅ pass - destructuring initializes second module field
DETAIL: 14 passed, 0 failed, 9 inconclusive
RESULT: Inconclusive
