test_global_scope_semantics.py(8, 11): ❓ unknown - global 'counter' is bound
test_global_scope_semantics.py(7, 22): ❓ unknown - (read_counter ensures) Return type constraint
test_global_scope_semantics.py(13, 4): ❓ unknown - global 'counter' is bound
test_global_scope_semantics.py(13, 4): ❓ unknown - Check PAdd exception
test_global_scope_semantics.py(23, 4): ✅ pass - assert(…)
test_global_scope_semantics.py(24, 4): ✅ pass - Check PAdd exception
test_global_scope_semantics.py(22, 22): ✅ pass - (local_shadow ensures) Return type constraint
test_global_scope_semantics.py(29, 11): ✅ pass - Check PAdd exception
test_global_scope_semantics.py(28, 38): ✅ pass - (parameter_shadow ensures) Return type constraint
test_global_scope_semantics.py(33, 4): ✅ pass - precondition
test_global_scope_semantics.py(35, 4): ✅ pass - Check PAdd exception
test_global_scope_semantics.py(36, 11): ✅ pass - Check PAdd exception
test_global_scope_semantics.py(32, 29): ✅ pass - (local_binding_forms ensures) Return type constraint
test_global_scope_semantics.py(1, 0): ✅ pass - assert(…)
test_global_scope_semantics.py(2, 0): ✅ pass - assert(…)
test_global_scope_semantics.py(3, 0): ✅ pass - assert(…)
test_global_scope_semantics.py(4, 0): ✅ pass - assert(…)
test_global_scope_semantics.py(43, 0): ❓ unknown - function reads updated module field
test_global_scope_semantics.py(44, 7): ❓ unknown - global 'created_in_function' is bound
test_global_scope_semantics.py(44, 0): ❓ unknown - global declaration creates module field
test_global_scope_semantics.py(45, 0): ❓ unknown - local assignment shadows module field
test_global_scope_semantics.py(46, 7): ✅ pass - (parameter_shadow requires) Type constraint of counter
test_global_scope_semantics.py(46, 0): ❓ unknown - parameter shadows module field
test_global_scope_semantics.py(47, 0): ❓ unknown - all function binding forms remain local
test_global_scope_semantics.py(48, 7): ❓ unknown - global 'counter' is bound
test_global_scope_semantics.py(48, 0): ❓ unknown - local and parameter shadows do not mutate module field
test_global_scope_semantics.py(49, 7): ✅ pass - global 'tuple_left' is bound
test_global_scope_semantics.py(49, 0): ✅ pass - destructuring does not mutate module field
test_global_scope_semantics.py(50, 7): ✅ pass - global 'tuple_right' is bound
test_global_scope_semantics.py(50, 0): ✅ pass - destructuring does not mutate second module field
test_global_scope_semantics.py(51, 7): ✅ pass - global 'import_shadow' is bound
test_global_scope_semantics.py(51, 0): ✅ pass - local import does not mutate module field
DETAIL: 20 passed, 0 failed, 12 inconclusive
RESULT: Inconclusive
