test_global_keyword.py(6, 4): ❓ unknown - global 'counter' is bound
test_global_keyword.py(6, 4): ❓ unknown - Check PAdd exception
test_global_keyword.py(16, 4): ✅ pass - assert(…)
test_global_keyword.py(17, 14): ✅ pass - Check PAdd exception
test_global_keyword.py(15, 22): ✅ pass - (local_shadow ensures) Return type constraint
test_global_keyword.py(24, 11): ❓ unknown - global 'counter' is bound
test_global_keyword.py(24, 4): ❓ unknown - global augmented assignment
test_global_keyword.py(27, 11): ❓ unknown - global 'nested_value' is bound
test_global_keyword.py(27, 4): ❓ unknown - nested declaration creates global
test_global_keyword.py(29, 4): ❓ unknown - assignment without global stays local
test_global_keyword.py(30, 11): ❓ unknown - global 'counter' is bound
test_global_keyword.py(30, 4): ❓ unknown - local shadow preserves global
test_global_keyword.py(1, 0): ✅ pass - assert(…)
DETAIL: 4 passed, 0 failed, 9 inconclusive
RESULT: Inconclusive
