DETAIL: Unsupported construct: global variable 'state' is used in a class construct whose execution is not modeled
AST: StrataPython.stmt.ClassDef
  { start := { byteIdx := 17 }, stop := { byteIdx := 85 } }
  { ann := { start := { byteIdx := 0 }, stop := { byteIdx := 0 } }, val := "Outer" }
  { ann := { start := { byteIdx := 0 }, stop := { byteIdx := 0 } }, val := #[] }
  { ann := { start := { byteIdx := 0 }, stop := { byteIdx := 0 } }, val := #[] }
  { ann := { start := { byteIdx := 0 }, stop := { byteIdx := 0 } },
    val := #[StrataPython.stmt.ClassDef
               { start := { byteIdx := 34 }, stop := { byteIdx := 85 } }
               { ann := { start := { byteIdx := 0 }, stop := { byteIdx := 0 } }, val := "Inner" }
               { ann := { start := { byteIdx := 0 }, stop := { byteIdx := 0 } }, val := #[] }
               { ann := { start := { byteIdx := 0 }, stop := { byteIdx := 0 } }, val := #[] }
               { ann := { start := { byteIdx := 0 }, stop := { byteIdx := 0 } },
                 val := #[StrataPython.stmt.Global
                            { start := { byteIdx := 55 }, stop := { byteIdx := 67 } }
                            { ann := { start := { byteIdx := 0 }, stop := { byteIdx := 0 } },
                              val := #[{ ann := { start := { byteIdx := 0 }, stop := { byteIdx := 0 } },
                                         val := "state" }] },
                          StrataPython.stmt.Assign
                            { start := { byteIdx := 76 }, stop := { byteIdx := 85 } }
                            { ann := { start := { byteIdx := 0 }, stop := { byteIdx := 0 } },
                              val := #[StrataPython.expr.Name
                                         { start := { byteIdx := 76 }, stop := { byteIdx := 81 } }
                                         { ann := { start := { byteIdx := 0 }, stop := { byteIdx := 0 } },
                                           val := "state" }
                                         (StrataPython.expr_context.Store
                                           { start := { byteIdx := 0 }, stop := { byteIdx := 0 } })] }
                            (StrataPython.expr.Constant
                              { start := { byteIdx := 84 }, stop := { byteIdx := 85 } }
                              (StrataPython.constant.ConPos
                                { start := { byteIdx := 0 }, stop := { byteIdx := 0 } }
                                { ann := { start := { byteIdx := 0 }, stop := { byteIdx := 0 } }, val := 1 })
                              { ann := { start := { byteIdx := 0 }, stop := { byteIdx := 0 } }, val := none })
                            { ann := { start := { byteIdx := 0 }, stop := { byteIdx := 0 } }, val := none }] }
               { ann := { start := { byteIdx := 0 }, stop := { byteIdx := 0 } }, val := #[] }
               { ann := { start := { byteIdx := 0 }, stop := { byteIdx := 0 } }, val := #[] }] }
  { ann := { start := { byteIdx := 0 }, stop := { byteIdx := 0 } }, val := #[] }
  { ann := { start := { byteIdx := 0 }, stop := { byteIdx := 0 } }, val := #[] }
RESULT: Known limitation
