DETAIL: Unsupported construct: global variable 'state' is used in a method whose body is opaque because the class participates in inheritance
AST: StrataPython.stmt.FunctionDef
  { start := { byteIdx := 63 }, stop := { byteIdx := 164 } }
  { ann := { start := { byteIdx := 0 }, stop := { byteIdx := 0 } }, val := "run" }
  (StrataPython.arguments.mk_arguments
    { start := { byteIdx := 0 }, stop := { byteIdx := 0 } }
    { ann := { start := { byteIdx := 0 }, stop := { byteIdx := 0 } }, val := #[] }
    { ann := { start := { byteIdx := 0 }, stop := { byteIdx := 0 } },
      val := #[StrataPython.arg.mk_arg
                 { start := { byteIdx := 71 }, stop := { byteIdx := 75 } }
                 { ann := { start := { byteIdx := 0 }, stop := { byteIdx := 0 } }, val := "self" }
                 { ann := { start := { byteIdx := 0 }, stop := { byteIdx := 0 } }, val := none }
                 { ann := { start := { byteIdx := 0 }, stop := { byteIdx := 0 } }, val := none }] }
    { ann := { start := { byteIdx := 0 }, stop := { byteIdx := 0 } }, val := none }
    { ann := { start := { byteIdx := 0 }, stop := { byteIdx := 0 } }, val := #[] }
    { ann := { start := { byteIdx := 0 }, stop := { byteIdx := 0 } }, val := #[] }
    { ann := { start := { byteIdx := 0 }, stop := { byteIdx := 0 } }, val := none }
    { ann := { start := { byteIdx := 0 }, stop := { byteIdx := 0 } }, val := #[] })
  { ann := { start := { byteIdx := 0 }, stop := { byteIdx := 0 } },
    val := #[StrataPython.stmt.FunctionDef
               { start := { byteIdx := 86 }, stop := { byteIdx := 146 } }
               { ann := { start := { byteIdx := 0 }, stop := { byteIdx := 0 } }, val := "update" }
               (StrataPython.arguments.mk_arguments
                 { start := { byteIdx := 0 }, stop := { byteIdx := 0 } }
                 { ann := { start := { byteIdx := 0 }, stop := { byteIdx := 0 } }, val := #[] }
                 { ann := { start := { byteIdx := 0 }, stop := { byteIdx := 0 } }, val := #[] }
                 { ann := { start := { byteIdx := 0 }, stop := { byteIdx := 0 } }, val := none }
                 { ann := { start := { byteIdx := 0 }, stop := { byteIdx := 0 } }, val := #[] }
                 { ann := { start := { byteIdx := 0 }, stop := { byteIdx := 0 } }, val := #[] }
                 { ann := { start := { byteIdx := 0 }, stop := { byteIdx := 0 } }, val := none }
                 { ann := { start := { byteIdx := 0 }, stop := { byteIdx := 0 } }, val := #[] })
               { ann := { start := { byteIdx := 0 }, stop := { byteIdx := 0 } },
                 val := #[StrataPython.stmt.Global
                            { start := { byteIdx := 112 }, stop := { byteIdx := 124 } }
                            { ann := { start := { byteIdx := 0 }, stop := { byteIdx := 0 } },
                              val := #[{ ann := { start := { byteIdx := 0 }, stop := { byteIdx := 0 } },
                                         val := "state" }] },
                          StrataPython.stmt.Assign
                            { start := { byteIdx := 137 }, stop := { byteIdx := 146 } }
                            { ann := { start := { byteIdx := 0 }, stop := { byteIdx := 0 } },
                              val := #[StrataPython.expr.Name
                                         { start := { byteIdx := 137 }, stop := { byteIdx := 142 } }
                                         { ann := { start := { byteIdx := 0 }, stop := { byteIdx := 0 } },
                                           val := "state" }
                                         (StrataPython.expr_context.Store
                                           { start := { byteIdx := 0 }, stop := { byteIdx := 0 } })] }
                            (StrataPython.expr.Constant
                              { start := { byteIdx := 145 }, stop := { byteIdx := 146 } }
                              (StrataPython.constant.ConPos
                                { start := { byteIdx := 0 }, stop := { byteIdx := 0 } }
                                { ann := { start := { byteIdx := 0 }, stop := { byteIdx := 0 } }, val := 1 })
                              { ann := { start := { byteIdx := 0 }, stop := { byteIdx := 0 } }, val := none })
                            { ann := { start := { byteIdx := 0 }, stop := { byteIdx := 0 } }, val := none }] }
               { ann := { start := { byteIdx := 0 }, stop := { byteIdx := 0 } }, val := #[] }
               { ann := { start := { byteIdx := 0 }, stop := { byteIdx := 0 } }, val := none }
               { ann := { start := { byteIdx := 0 }, stop := { byteIdx := 0 } }, val := none }
               { ann := { start := { byteIdx := 0 }, stop := { byteIdx := 0 } }, val := #[] },
             StrataPython.stmt.Expr
               { start := { byteIdx := 156 }, stop := { byteIdx := 164 } }
               (StrataPython.expr.Call
                 { start := { byteIdx := 156 }, stop := { byteIdx := 164 } }
                 (StrataPython.expr.Name
                   { start := { byteIdx := 156 }, stop := { byteIdx := 162 } }
                   { ann := { start := { byteIdx := 0 }, stop := { byteIdx := 0 } }, val := "update" }
                   (StrataPython.expr_context.Load { start := { byteIdx := 0 }, stop := { byteIdx := 0 } }))
                 { ann := { start := { byteIdx := 0 }, stop := { byteIdx := 0 } }, val := #[] }
                 { ann := { start := { byteIdx := 0 }, stop := { byteIdx := 0 } }, val := #[] })] }
  { ann := { start := { byteIdx := 0 }, stop := { byteIdx := 0 } }, val := #[] }
  { ann := { start := { byteIdx := 0 }, stop := { byteIdx := 0 } }, val := none }
  { ann := { start := { byteIdx := 0 }, stop := { byteIdx := 0 } }, val := none }
  { ann := { start := { byteIdx := 0 }, stop := { byteIdx := 0 } }, val := #[] }
RESULT: Known limitation
