test_truthiness_bool_eq.py(5, 4): ✅ pass - assert(…)
test_truthiness_bool_eq.py(8, 4): ✅ pass - assert(…)
test_truthiness_bool_eq.py(9, 4): ✅ pass - assert(…)
test_truthiness_bool_eq.py(12, 4): ✅ pass - assert(…)
test_truthiness_bool_eq.py(13, 4): ✅ pass - assert(…)
test_truthiness_bool_eq.py(14, 16): ✅ pass - Check PNeg exception
test_truthiness_bool_eq.py(14, 4): ✅ pass - assert(…)
test_truthiness_bool_eq.py(17, 4): ✅ pass - assert(…)
test_truthiness_bool_eq.py(18, 4): ✅ pass - assert(…)
test_truthiness_bool_eq.py(21, 4): ✅ pass - assert(…)
test_truthiness_bool_eq.py(22, 4): ✅ pass - assert(…)
test_truthiness_bool_eq.py(25, 4): ✅ pass - assert(…)
test_truthiness_bool_eq.py(26, 4): ✅ pass - assert(…)
test_truthiness_bool_eq.py(29, 4): ✅ pass - assert(…)
test_truthiness_bool_eq.py(30, 4): ✅ pass - assert(…)
test_truthiness_bool_eq.py(31, 16): ✅ pass - Check PNeg exception
test_truthiness_bool_eq.py(31, 4): ✅ pass - assert(…)
DETAIL: 17 passed, 0 failed, 0 inconclusive
RESULT: Analysis success
