DETAIL: Unsupported construct: for-else is not supported
AST: StrataPython.stmt.For
  { start := { byteIdx := 46 }, stop := { byteIdx := 127 } }
  (StrataPython.expr.Name
    { start := { byteIdx := 50 }, stop := { byteIdx := 51 } }
    { ann := { start := { byteIdx := 0 }, stop := { byteIdx := 0 } }, val := "x" }
    (StrataPython.expr_context.Store { start := { byteIdx := 0 }, stop := { byteIdx := 0 } }))
  (StrataPython.expr.List
    { start := { byteIdx := 55 }, stop := { byteIdx := 64 } }
    { ann := { start := { byteIdx := 0 }, stop := { byteIdx := 0 } },
      val := #[StrataPython.expr.Constant
                 { start := { byteIdx := 56 }, stop := { byteIdx := 57 } }
                 (StrataPython.constant.ConPos
                   { start := { byteIdx := 0 }, stop := { byteIdx := 0 } }
                   { ann := { start := { byteIdx := 0 }, stop := { byteIdx := 0 } }, val := 1 })
                 { ann := { start := { byteIdx := 0 }, stop := { byteIdx := 0 } }, val := none },
               StrataPython.expr.Constant
                 { start := { byteIdx := 59 }, stop := { byteIdx := 60 } }
                 (StrataPython.constant.ConPos
                   { start := { byteIdx := 0 }, stop := { byteIdx := 0 } }
                   { ann := { start := { byteIdx := 0 }, stop := { byteIdx := 0 } }, val := 2 })
                 { ann := { start := { byteIdx := 0 }, stop := { byteIdx := 0 } }, val := none },
               StrataPython.expr.Constant
                 { start := { byteIdx := 62 }, stop := { byteIdx := 63 } }
                 (StrataPython.constant.ConPos
                   { start := { byteIdx := 0 }, stop := { byteIdx := 0 } }
                   { ann := { start := { byteIdx := 0 }, stop := { byteIdx := 0 } }, val := 3 })
                 { ann := { start := { byteIdx := 0 }, stop := { byteIdx := 0 } }, val := none }] }
    (StrataPython.expr_context.Load { start := { byteIdx := 0 }, stop := { byteIdx := 0 } }))
  { ann := { start := { byteIdx := 0 }, stop := { byteIdx := 0 } },
    val := #[StrataPython.stmt.If
               { start := { byteIdx := 74 }, stop := { byteIdx := 102 } }
               (StrataPython.expr.Compare
                 { start := { byteIdx := 77 }, stop := { byteIdx := 83 } }
                 (StrataPython.expr.Name
                   { start := { byteIdx := 77 }, stop := { byteIdx := 78 } }
                   { ann := { start := { byteIdx := 0 }, stop := { byteIdx := 0 } }, val := "x" }
                   (StrataPython.expr_context.Load { start := { byteIdx := 0 }, stop := { byteIdx := 0 } }))
                 { ann := { start := { byteIdx := 0 }, stop := { byteIdx := 0 } },
                   val := #[StrataPython.cmpop.Eq { start := { byteIdx := 0 }, stop := { byteIdx := 0 } }] }
                 { ann := { start := { byteIdx := 0 }, stop := { byteIdx := 0 } },
                   val := #[StrataPython.expr.Constant
                              { start := { byteIdx := 82 }, stop := { byteIdx := 83 } }
                              (StrataPython.constant.ConPos
                                { start := { byteIdx := 0 }, stop := { byteIdx := 0 } }
                                { ann := { start := { byteIdx := 0 }, stop := { byteIdx := 0 } }, val := 2 })
                              { ann := { start := { byteIdx := 0 }, stop := { byteIdx := 0 } }, val := none }] })
               { ann := { start := { byteIdx := 0 }, stop := { byteIdx := 0 } },
                 val := #[StrataPython.stmt.Break { start := { byteIdx := 97 }, stop := { byteIdx := 102 } }] }
               { ann := { start := { byteIdx := 0 }, stop := { byteIdx := 0 } }, val := #[] }] }
  { ann := { start := { byteIdx := 0 }, stop := { byteIdx := 0 } },
    val := #[StrataPython.stmt.Assign
               { start := { byteIdx := 121 }, stop := { byteIdx := 127 } }
               { ann := { start := { byteIdx := 0 }, stop := { byteIdx := 0 } },
                 val := #[StrataPython.expr.Name
                            { start := { byteIdx := 121 }, stop := { byteIdx := 122 } }
                            { ann := { start := { byteIdx := 0 }, stop := { byteIdx := 0 } }, val := "r" }
                            (StrataPython.expr_context.Store { start := { byteIdx := 0 }, stop := { byteIdx := 0 } })] }
               (StrataPython.expr.Constant
                 { start := { byteIdx := 125 }, stop := { byteIdx := 127 } }
                 (StrataPython.constant.ConPos
                   { start := { byteIdx := 0 }, stop := { byteIdx := 0 } }
                   { ann := { start := { byteIdx := 0 }, stop := { byteIdx := 0 } }, val := 42 })
                 { ann := { start := { byteIdx := 0 }, stop := { byteIdx := 0 } }, val := none })
               { ann := { start := { byteIdx := 0 }, stop := { byteIdx := 0 } }, val := none }] }
  { ann := { start := { byteIdx := 0 }, stop := { byteIdx := 0 } }, val := none }
RESULT: Known limitation
