DETAIL: Unsupported construct: Statement type not yet supported
AST: StrataPython.stmt.FunctionDef
  { start := { byteIdx := 45 }, stop := { byteIdx := 90 } }
  { ann := { start := { byteIdx := 0 }, stop := { byteIdx := 0 } }, val := "captures_param" }
  (StrataPython.arguments.mk_arguments
    { start := { byteIdx := 0 }, stop := { byteIdx := 0 } }
    { ann := { start := { byteIdx := 0 }, stop := { byteIdx := 0 } }, val := #[] }
    { ann := { start := { byteIdx := 0 }, stop := { byteIdx := 0 } }, val := #[] }
    { ann := { start := { byteIdx := 0 }, stop := { byteIdx := 0 } }, val := none }
    { ann := { start := { byteIdx := 0 }, stop := { byteIdx := 0 } }, val := #[] }
    { ann := { start := { byteIdx := 0 }, stop := { byteIdx := 0 } }, val := #[] }
    { ann := { start := { byteIdx := 0 }, stop := { byteIdx := 0 } }, val := none }
    { ann := { start := { byteIdx := 0 }, stop := { byteIdx := 0 } }, val := #[] })
  { ann := { start := { byteIdx := 0 }, stop := { byteIdx := 0 } },
    val := #[StrataPython.stmt.Return
               { start := { byteIdx := 82 }, stop := { byteIdx := 90 } }
               { ann := { start := { byteIdx := 0 }, stop := { byteIdx := 0 } },
                 val := some (StrataPython.expr.Name
                          { start := { byteIdx := 89 }, stop := { byteIdx := 90 } }
                          { ann := { start := { byteIdx := 0 }, stop := { byteIdx := 0 } }, val := "x" }
                          (StrataPython.expr_context.Load { start := { byteIdx := 0 }, stop := { byteIdx := 0 } })) }] }
  { ann := { start := { byteIdx := 0 }, stop := { byteIdx := 0 } }, val := #[] }
  { ann := { start := { byteIdx := 0 }, stop := { byteIdx := 0 } },
    val := some (StrataPython.expr.Name
             { start := { byteIdx := 69 }, stop := { byteIdx := 72 } }
             { ann := { start := { byteIdx := 0 }, stop := { byteIdx := 0 } }, val := "int" }
             (StrataPython.expr_context.Load { start := { byteIdx := 0 }, stop := { byteIdx := 0 } })) }
  { ann := { start := { byteIdx := 0 }, stop := { byteIdx := 0 } }, val := none }
  { ann := { start := { byteIdx := 0 }, stop := { byteIdx := 0 } }, val := #[] }
RESULT: Known limitation
