test_for_continue_advance.py(3, 4): ✅ pass - assert(…)
test_for_continue_advance.py(4, 4): ✅ pass - precondition
test_for_continue_advance.py(1, 35): ✅ pass - (test_for_continue_advance ensures) Return type constraint
test_for_continue_advance.py(7, 12): ❓ unknown - Check PAdd exception
DETAIL: 3 passed, 0 failed, 1 inconclusive
RESULT: Inconclusive
