DETAIL: Unsupported construct: module variable 'value' cannot be lowered to a Laurel static field because its name collides with a top-level definition
AST: StrataPython.stmt.AnnAssign
  { start := { byteIdx := 35 }, stop := { byteIdx := 49 } }
  (StrataPython.expr.Name
    { start := { byteIdx := 35 }, stop := { byteIdx := 40 } }
    { ann := { start := { byteIdx := 0 }, stop := { byteIdx := 0 } }, val := "value" }
    (StrataPython.expr_context.Store { start := { byteIdx := 0 }, stop := { byteIdx := 0 } }))
  (StrataPython.expr.Name
    { start := { byteIdx := 42 }, stop := { byteIdx := 45 } }
    { ann := { start := { byteIdx := 0 }, stop := { byteIdx := 0 } }, val := "int" }
    (StrataPython.expr_context.Load { start := { byteIdx := 0 }, stop := { byteIdx := 0 } }))
  { ann := { start := { byteIdx := 0 }, stop := { byteIdx := 0 } },
    val := some (StrataPython.expr.Constant
             { start := { byteIdx := 48 }, stop := { byteIdx := 49 } }
             (StrataPython.constant.ConPos
               { start := { byteIdx := 0 }, stop := { byteIdx := 0 } }
               { ann := { start := { byteIdx := 0 }, stop := { byteIdx := 0 } }, val := 1 })
             { ann := { start := { byteIdx := 0 }, stop := { byteIdx := 0 } }, val := none }) }
  (StrataPython.int.IntPos
    { start := { byteIdx := 0 }, stop := { byteIdx := 0 } }
    { ann := { start := { byteIdx := 0 }, stop := { byteIdx := 0 } }, val := 1 })
RESULT: Known limitation
