DETAIL: Unsupported construct: module variable 'PAdd' cannot be lowered to a Laurel static field because its name collides with a top-level definition
AST: StrataPython.stmt.For
  { start := { byteIdx := 0 }, stop := { byteIdx := 40 } }
  (StrataPython.expr.Tuple
    { start := { byteIdx := 4 }, stop := { byteIdx := 18 } }
    { ann := { start := { byteIdx := 0 }, stop := { byteIdx := 0 } },
      val := #[StrataPython.expr.Name
                 { start := { byteIdx := 4 }, stop := { byteIdx := 8 } }
                 { ann := { start := { byteIdx := 0 }, stop := { byteIdx := 0 } }, val := "PAdd" }
                 (StrataPython.expr_context.Store { start := { byteIdx := 0 }, stop := { byteIdx := 0 } }),
               StrataPython.expr.Name
                 { start := { byteIdx := 10 }, stop := { byteIdx := 18 } }
                 { ann := { start := { byteIdx := 0 }, stop := { byteIdx := 0 } }, val := "ordinary" }
                 (StrataPython.expr_context.Store { start := { byteIdx := 0 }, stop := { byteIdx := 0 } })] }
    (StrataPython.expr_context.Store { start := { byteIdx := 0 }, stop := { byteIdx := 0 } }))
  (StrataPython.expr.List
    { start := { byteIdx := 22 }, stop := { byteIdx := 30 } }
    { ann := { start := { byteIdx := 0 }, stop := { byteIdx := 0 } },
      val := #[StrataPython.expr.Tuple
                 { start := { byteIdx := 23 }, stop := { byteIdx := 29 } }
                 { ann := { start := { byteIdx := 0 }, stop := { byteIdx := 0 } },
                   val := #[StrataPython.expr.Constant
                              { start := { byteIdx := 24 }, stop := { byteIdx := 25 } }
                              (StrataPython.constant.ConPos
                                { start := { byteIdx := 0 }, stop := { byteIdx := 0 } }
                                { ann := { start := { byteIdx := 0 }, stop := { byteIdx := 0 } }, val := 1 })
                              { ann := { start := { byteIdx := 0 }, stop := { byteIdx := 0 } }, val := none },
                            StrataPython.expr.Constant
                              { start := { byteIdx := 27 }, stop := { byteIdx := 28 } }
                              (StrataPython.constant.ConPos
                                { start := { byteIdx := 0 }, stop := { byteIdx := 0 } }
                                { ann := { start := { byteIdx := 0 }, stop := { byteIdx := 0 } }, val := 2 })
                              { ann := { start := { byteIdx := 0 }, stop := { byteIdx := 0 } }, val := none }] }
                 (StrataPython.expr_context.Load { start := { byteIdx := 0 }, stop := { byteIdx := 0 } })] }
    (StrataPython.expr_context.Load { start := { byteIdx := 0 }, stop := { byteIdx := 0 } }))
  { ann := { start := { byteIdx := 0 }, stop := { byteIdx := 0 } },
    val := #[StrataPython.stmt.Pass { start := { byteIdx := 36 }, stop := { byteIdx := 40 } }] }
  { ann := { start := { byteIdx := 0 }, stop := { byteIdx := 0 } }, val := #[] }
  { ann := { start := { byteIdx := 0 }, stop := { byteIdx := 0 } }, val := none }
RESULT: Known limitation
