DETAIL: Unsupported construct: destructured with-as targets are not supported
AST: StrataPython.expr.Tuple
  { start := { byteIdx := 32 }, stop := { byteIdx := 45 } }
  { ann := { start := { byteIdx := 0 }, stop := { byteIdx := 0 } },
    val := #[StrataPython.expr.Name
               { start := { byteIdx := 33 }, stop := { byteIdx := 37 } }
               { ann := { start := { byteIdx := 0 }, stop := { byteIdx := 0 } }, val := "left" }
               (StrataPython.expr_context.Store { start := { byteIdx := 0 }, stop := { byteIdx := 0 } }),
             StrataPython.expr.Name
               { start := { byteIdx := 39 }, stop := { byteIdx := 44 } }
               { ann := { start := { byteIdx := 0 }, stop := { byteIdx := 0 } }, val := "right" }
               (StrataPython.expr_context.Store { start := { byteIdx := 0 }, stop := { byteIdx := 0 } })] }
  (StrataPython.expr_context.Store { start := { byteIdx := 0 }, stop := { byteIdx := 0 } })
RESULT: Known limitation
