DETAIL: Unsupported construct: non-constant default argument expressions are not supported because defaults are evaluated at function definition time
AST: StrataPython.expr.Name
  { start := { byteIdx := 30 }, stop := { byteIdx := 38 } }
  { ann := { start := { byteIdx := 0 }, stop := { byteIdx := 0 } }, val := "captured" }
  (StrataPython.expr_context.Load { start := { byteIdx := 0 }, stop := { byteIdx := 0 } })
RESULT: Known limitation
