DETAIL: Unsupported construct: effectful return annotations are not supported
AST: StrataPython.expr.Call
  { start := { byteIdx := 91 }, stop := { byteIdx := 97 } }
  (StrataPython.expr.Name
    { start := { byteIdx := 91 }, stop := { byteIdx := 95 } }
    { ann := { start := { byteIdx := 0 }, stop := { byteIdx := 0 } }, val := "mark" }
    (StrataPython.expr_context.Load { start := { byteIdx := 0 }, stop := { byteIdx := 0 } }))
  { ann := { start := { byteIdx := 0 }, stop := { byteIdx := 0 } }, val := #[] }
  { ann := { start := { byteIdx := 0 }, stop := { byteIdx := 0 } }, val := #[] }
RESULT: Known limitation
