DETAIL: Unsupported construct: import binding 'state' cannot overwrite a modeled module variable
AST: StrataPython.stmt.Import
  { start := { byteIdx := 58 }, stop := { byteIdx := 77 } }
  { ann := { start := { byteIdx := 0 }, stop := { byteIdx := 0 } },
    val := #[StrataPython.alias.mk_alias
               { start := { byteIdx := 65 }, stop := { byteIdx := 77 } }
               { ann := { start := { byteIdx := 0 }, stop := { byteIdx := 0 } }, val := "sys" }
               { ann := { start := { byteIdx := 0 }, stop := { byteIdx := 0 } },
                 val := some { ann := { start := { byteIdx := 0 }, stop := { byteIdx := 0 } }, val := "state" } }] }
RESULT: Known limitation
