DETAIL: Unsupported construct: try-else and try-finally are not supported
AST: StrataPython.stmt.Try
  { start := { byteIdx := 16 }, stop := { byteIdx := 81 } }
  { ann := { start := { byteIdx := 0 }, stop := { byteIdx := 0 } },
    val := #[StrataPython.stmt.Assign
               { start := { byteIdx := 25 }, stop := { byteIdx := 34 } }
               { ann := { start := { byteIdx := 0 }, stop := { byteIdx := 0 } },
                 val := #[StrataPython.expr.Name
                            { start := { byteIdx := 25 }, stop := { byteIdx := 30 } }
                            { ann := { start := { byteIdx := 0 }, stop := { byteIdx := 0 } }, val := "state" }
                            (StrataPython.expr_context.Store { start := { byteIdx := 0 }, stop := { byteIdx := 0 } })] }
               (StrataPython.expr.Constant
                 { start := { byteIdx := 33 }, stop := { byteIdx := 34 } }
                 (StrataPython.constant.ConPos
                   { start := { byteIdx := 0 }, stop := { byteIdx := 0 } }
                   { ann := { start := { byteIdx := 0 }, stop := { byteIdx := 0 } }, val := 1 })
                 { ann := { start := { byteIdx := 0 }, stop := { byteIdx := 0 } }, val := none })
               { ann := { start := { byteIdx := 0 }, stop := { byteIdx := 0 } }, val := none }] }
  { ann := { start := { byteIdx := 0 }, stop := { byteIdx := 0 } },
    val := #[StrataPython.excepthandler.ExceptHandler
               { start := { byteIdx := 35 }, stop := { byteIdx := 61 } }
               { ann := { start := { byteIdx := 0 }, stop := { byteIdx := 0 } },
                 val := some (StrataPython.expr.Name
                          { start := { byteIdx := 42 }, stop := { byteIdx := 51 } }
                          { ann := { start := { byteIdx := 0 }, stop := { byteIdx := 0 } }, val := "Exception" }
                          (StrataPython.expr_context.Load { start := { byteIdx := 0 }, stop := { byteIdx := 0 } })) }
               { ann := { start := { byteIdx := 0 }, stop := { byteIdx := 0 } }, val := none }
               { ann := { start := { byteIdx := 0 }, stop := { byteIdx := 0 } },
                 val := #[StrataPython.stmt.Pass { start := { byteIdx := 57 }, stop := { byteIdx := 61 } }] }] }
  { ann := { start := { byteIdx := 0 }, stop := { byteIdx := 0 } },
    val := #[StrataPython.stmt.Assign
               { start := { byteIdx := 72 }, stop := { byteIdx := 81 } }
               { ann := { start := { byteIdx := 0 }, stop := { byteIdx := 0 } },
                 val := #[StrataPython.expr.Name
                            { start := { byteIdx := 72 }, stop := { byteIdx := 77 } }
                            { ann := { start := { byteIdx := 0 }, stop := { byteIdx := 0 } }, val := "state" }
                            (StrataPython.expr_context.Store { start := { byteIdx := 0 }, stop := { byteIdx := 0 } })] }
               (StrataPython.expr.Constant
                 { start := { byteIdx := 80 }, stop := { byteIdx := 81 } }
                 (StrataPython.constant.ConPos
                   { start := { byteIdx := 0 }, stop := { byteIdx := 0 } }
                   { ann := { start := { byteIdx := 0 }, stop := { byteIdx := 0 } }, val := 2 })
                 { ann := { start := { byteIdx := 0 }, stop := { byteIdx := 0 } }, val := none })
               { ann := { start := { byteIdx := 0 }, stop := { byteIdx := 0 } }, val := none }] }
  { ann := { start := { byteIdx := 0 }, stop := { byteIdx := 0 } }, val := #[] }
RESULT: Known limitation
