DETAIL: Unsupported construct: global variable 'leaked' is declared directly in a class body, whose execution is not modeled
AST: StrataPython.stmt.ClassDef
  { start := { byteIdx := 13 }, stop := { byteIdx := 67 } }
  { ann := { start := { byteIdx := 0 }, stop := { byteIdx := 0 } }, val := "Nested" }
  { ann := { start := { byteIdx := 0 }, stop := { byteIdx := 0 } }, val := #[] }
  { ann := { start := { byteIdx := 0 }, stop := { byteIdx := 0 } }, val := #[] }
  { ann := { start := { byteIdx := 0 }, stop := { byteIdx := 0 } },
    val := #[StrataPython.stmt.Global
               { start := { byteIdx := 35 }, stop := { byteIdx := 48 } }
               { ann := { start := { byteIdx := 0 }, stop := { byteIdx := 0 } },
                 val := #[{ ann := { start := { byteIdx := 0 }, stop := { byteIdx := 0 } }, val := "leaked" }] },
             StrataPython.stmt.Assign
               { start := { byteIdx := 57 }, stop := { byteIdx := 67 } }
               { ann := { start := { byteIdx := 0 }, stop := { byteIdx := 0 } },
                 val := #[StrataPython.expr.Name
                            { start := { byteIdx := 57 }, stop := { byteIdx := 63 } }
                            { ann := { start := { byteIdx := 0 }, stop := { byteIdx := 0 } }, val := "leaked" }
                            (StrataPython.expr_context.Store { start := { byteIdx := 0 }, stop := { byteIdx := 0 } })] }
               (StrataPython.expr.Constant
                 { start := { byteIdx := 66 }, stop := { byteIdx := 67 } }
                 (StrataPython.constant.ConPos
                   { start := { byteIdx := 0 }, stop := { byteIdx := 0 } }
                   { ann := { start := { byteIdx := 0 }, stop := { byteIdx := 0 } }, val := 1 })
                 { ann := { start := { byteIdx := 0 }, stop := { byteIdx := 0 } }, val := none })
               { ann := { start := { byteIdx := 0 }, stop := { byteIdx := 0 } }, val := none }] }
  { ann := { start := { byteIdx := 0 }, stop := { byteIdx := 0 } }, val := #[] }
  { ann := { start := { byteIdx := 0 }, stop := { byteIdx := 0 } }, val := #[] }
RESULT: Known limitation
