test_datetime.py(15, 0): ❓ unknown - Check PSub exception
test_datetime.py(21, 7): ❓ unknown - Check PLe exception
test_datetime.py(21, 0): ❓ unknown - assert(…)
test_datetime.py(25, 0): ❓ unknown - assert(…)
test_datetime.py(27, 0): ❓ unknown - assert(…)
test_datetime.py(30, 7): ❓ unknown - Check PLe exception
test_datetime.py(30, 0): ❓ unknown - assert(…)
DETAIL: 0 passed, 0 failed, 7 inconclusive
RESULT: Inconclusive
