test_list_slice.py(3, 7): ❓ unknown - precondition
test_list_slice.py(3, 7): ❓ unknown - precondition
test_list_slice.py(3, 0): ❓ unknown - assert(…)
test_list_slice.py(7, 7): ❓ unknown - precondition
test_list_slice.py(7, 7): ❓ unknown - precondition
test_list_slice.py(7, 7): ❓ unknown - precondition
test_list_slice.py(7, 0): ❓ unknown - assert(…)
test_list_slice.py(9, 7): ❓ unknown - precondition
test_list_slice.py(9, 0): ❓ unknown - assert(…)
test_list_slice.py(11, 16): ✅ pass - Check PNeg exception
test_list_slice.py(11, 19): ✅ pass - Check PNeg exception
test_list_slice.py(11, 7): ❓ unknown - precondition
test_list_slice.py(11, 0): ❓ unknown - assert(…)
test_list_slice.py(13, 16): ✅ pass - Check PNeg exception
test_list_slice.py(13, 21): ✅ pass - Check PNeg exception
test_list_slice.py(13, 7): ❓ unknown - precondition
test_list_slice.py(13, 0): ❓ unknown - assert(…)
test_list_slice.py(15, 18): ✅ pass - Check PNeg exception
test_list_slice.py(15, 7): ❓ unknown - precondition
test_list_slice.py(15, 0): ❓ unknown - assert(…)
DETAIL: 5 passed, 0 failed, 15 inconclusive
RESULT: Inconclusive
