test_bool_complex.py(4, 12): ✅ pass - Check PGt exception
test_bool_complex.py(4, 22): ✅ pass - Check PGt exception
test_bool_complex.py(4, 12): ✅ pass - Check PAnd exception
test_bool_complex.py(4, 33): ✅ pass - Check PGt exception
test_bool_complex.py(4, 11): ✅ pass - Check POr exception
test_bool_complex.py(4, 4): ✅ pass - assert(…)
DETAIL: 6 passed, 0 failed, 0 inconclusive
RESULT: Analysis success
