test_regex_negative.py(75, 4): ❓ unknown (pass on 31 paths, unknown on 1 path) - assert(…)
test_regex_negative.py(84, 4): ❓ unknown (pass on 30 paths, unknown on 2 paths) - assert(…)
test_regex_negative.py(87, 4): ❓ unknown (pass on 30 paths, unknown on 2 paths) - assert(…)
test_regex_negative.py(90, 4): ❓ unknown (pass on 30 paths, unknown on 2 paths) - assert(…)
test_regex_negative.py(93, 4): ❓ unknown (pass on 30 paths, unknown on 2 paths) - assert(…)
test_regex_negative.py(97, 4): ❓ unknown (pass on 30 paths, unknown on 2 paths) - assert(…)
test_regex_negative.py(100, 4): ❓ unknown (pass on 30 paths, unknown on 2 paths) - assert(…)
test_regex_negative.py(104, 4): ❓ unknown (pass on 30 paths, unknown on 2 paths) - assert(…)
test_regex_negative.py(107, 4): ❓ unknown (pass on 30 paths, unknown on 2 paths) - assert(…)
test_regex_negative.py(111, 4): ❓ unknown (pass on 30 paths, unknown on 2 paths) - assert(…)
test_regex_negative.py(114, 4): ❓ unknown (pass on 30 paths, unknown on 2 paths) - assert(…)
test_regex_negative.py(68, 4): ❓ unknown (pass on 15 paths, unknown on 1 path) - assert(…)
test_regex_negative.py(61, 4): ❓ unknown (pass on 7 paths, unknown on 1 path) - assert(…)
test_regex_negative.py(54, 4): ❓ unknown (pass on 3 paths, unknown on 1 path) - assert(…)
test_regex_negative.py(47, 4): ❓ unknown (pass on 1 path, unknown on 1 path) - assert(…)
test_regex_negative.py(10, 4): ❓ unknown - assert(…)
test_regex_negative.py(13, 4): ❓ unknown - assert(…)
test_regex_negative.py(16, 4): ❓ unknown - assert(…)
test_regex_negative.py(20, 4): ❓ unknown - assert(…)
test_regex_negative.py(23, 4): ❓ unknown - assert(…)
test_regex_negative.py(26, 4): ❓ unknown - assert(…)
test_regex_negative.py(29, 4): ❓ unknown - assert(…)
test_regex_negative.py(34, 4): ❓ unknown - assert(…)
test_regex_negative.py(37, 4): ❓ unknown - assert(…)
DETAIL: 0 passed, 0 failed, 24 inconclusive
RESULT: Inconclusive
