test_method_kwargs_no_hierarchy.py(5, 41): ❓ unknown - (Calculator@add ensures) Return type constraint
test_method_kwargs_no_hierarchy.py(9, 4): ✅ pass - (Calculator@__init__ requires) Type constraint of base
unknown location: ✅ pass - precondition
unknown location: ✅ pass - assert(…)
unknown location: ✅ pass - precondition
test_method_kwargs_no_hierarchy.py(11, 18): ✅ pass - (Calculator@add requires) Type constraint of x
test_method_kwargs_no_hierarchy.py(11, 18): ✅ pass - (Calculator@add requires) Type constraint of y
test_method_kwargs_no_hierarchy.py(11, 4): ✅ pass - assert(…)
test_method_kwargs_no_hierarchy.py(12, 4): ❓ unknown - assert(…)
test_method_kwargs_no_hierarchy.py(8, 14): ✅ pass - (main ensures) Return type constraint
DETAIL: 8 passed, 0 failed, 2 inconclusive
RESULT: Inconclusive
