test_boolean_logic.py(5, 11): ✅ pass - Check PAnd exception
test_boolean_logic.py(5, 4): ✅ pass - assert(…)
test_boolean_logic.py(6, 16): ✅ pass - Check PAnd exception
test_boolean_logic.py(6, 11): ✅ pass - Check PNot exception
test_boolean_logic.py(6, 4): ✅ pass - assert(…)
test_boolean_logic.py(9, 11): ✅ pass - Check POr exception
test_boolean_logic.py(9, 4): ✅ pass - assert(…)
test_boolean_logic.py(10, 16): ✅ pass - Check POr exception
test_boolean_logic.py(10, 11): ✅ pass - Check PNot exception
test_boolean_logic.py(10, 4): ✅ pass - assert(…)
test_boolean_logic.py(13, 11): ✅ pass - Check PNot exception
test_boolean_logic.py(13, 4): ✅ pass - assert(…)
test_boolean_logic.py(14, 15): ✅ pass - Check PNot exception
test_boolean_logic.py(14, 11): ✅ pass - Check PNot exception
test_boolean_logic.py(14, 4): ✅ pass - assert(…)
test_boolean_logic.py(21, 7): ✅ pass - Check PGt exception
test_boolean_logic.py(21, 17): ✅ pass - Check PGt exception
test_boolean_logic.py(21, 7): ✅ pass - Check PAnd exception
test_boolean_logic.py(25, 4): ✅ pass - assert(…)
test_boolean_logic.py(27, 7): ✅ pass - Check PGt exception
test_boolean_logic.py(27, 17): ✅ pass - Check PGt exception
test_boolean_logic.py(27, 7): ✅ pass - Check POr exception
test_boolean_logic.py(31, 4): ✅ pass - assert(…)
test_boolean_logic.py(33, 12): ✅ pass - Check PGt exception
test_boolean_logic.py(33, 7): ✅ pass - Check PNot exception
test_boolean_logic.py(37, 4): ✅ pass - assert(…)
DETAIL: 26 passed, 0 failed, 0 inconclusive
RESULT: Analysis success
