test_loops.py(3, 4): ✅ pass - assert(…)
test_loops.py(4, 4): ✅ pass - precondition
test_loops.py(5, 12): ❓ unknown - Check PAdd exception
test_loops.py(6, 11): ❓ unknown - Check PGt exception
test_loops.py(6, 4): ❓ unknown - simple loop incremented
test_loops.py(9, 4): ✅ pass - assert(…)
test_loops.py(10, 4): ❓ unknown - precondition
test_loops.py(11, 13): ❓ unknown - Check PSub exception
test_loops.py(12, 11): ❓ unknown - Check PLt exception
test_loops.py(12, 4): ❓ unknown - tuple unpacking decremented
test_loops.py(15, 4): ✅ pass - assert(…)
test_loops.py(16, 4): ❓ unknown - precondition
test_loops.py(17, 13): ❓ unknown - Check PAdd exception
test_loops.py(18, 11): ❓ unknown - Check PGt exception
test_loops.py(18, 4): ❓ unknown - nested unpacking incremented
test_loops.py(21, 4): ✅ pass - assert(…)
test_loops.py(22, 10): ✅ pass - Check PGt exception
test_loops.py(23, 13): ❓ unknown - Check PSub exception
test_loops.py(24, 11): ❓ unknown - Check PLe exception
test_loops.py(24, 4): ❓ unknown - while loop did not increase n4
DETAIL: 6 passed, 0 failed, 14 inconclusive
RESULT: Inconclusive
