test_class_field_use.py(13, 4): ✔️ always true if reached - (CircularBuffer@__init__ requires) Type constraint of n
test_class_field_use.py(14, 4): ✔️ always true if reached - Check PMul exception
test_class_field_use.py(14, 4): ✔️ always true if reached - assert(…)
test_class_field_use.py(15, 4): ✔️ always true if reached - Doubling of buffer did not work
DETAIL: 4 passed, 0 failed, 0 inconclusive
RESULT: Analysis success
