test_for_loop.py(4, 4): ✅ pass - precondition
test_for_loop.py(5, 8): ✅ pass - Check PAdd exception
test_for_loop.py(6, 4): ❓ unknown - assert(…)
test_for_loop.py(12, 4): ✅ pass - precondition
test_for_loop.py(13, 11): ✅ pass - Check PGt exception
test_for_loop.py(14, 12): ✅ pass - Check PAdd exception
test_for_loop.py(15, 4): ❓ unknown - assert(…)
test_for_loop.py(21, 4): ✅ pass - precondition
test_for_loop.py(25, 4): ❓ unknown (pass on 1 path, unknown on 1 path) - assert(…)
DETAIL: 6 passed, 0 failed, 3 inconclusive
RESULT: Inconclusive
