test_bug_finding_unreachable.py(4, 7): ❌ fail (❗unreachable in this context) - Check PGt exception
test_bug_finding_unreachable.py(5, 11): ❌ fail (❗unreachable in this context) - Check PLt exception
test_bug_finding_unreachable.py(6, 12): ❌ fail (❗unreachable in this context) - assert(…)
DETAIL: 0 passed, 3 failed, 0 inconclusive, 3 unreachable
RESULT: Failures found
