test_arithmetic.py(6, 4): ✅ pass - Check PMul exception
test_arithmetic.py(7, 4): ✅ pass - assert(…)
test_arithmetic.py(11, 4): ✅ pass - Check PMul exception
test_arithmetic.py(12, 4): ✅ pass - assert(…)
test_arithmetic.py(15, 4): ✅ pass - Check PAdd exception
test_arithmetic.py(16, 4): ✅ pass - assert(…)
test_arithmetic.py(19, 4): ✅ pass - Check PSub exception
test_arithmetic.py(20, 4): ✅ pass - assert(…)
test_arithmetic.py(23, 4): ✅ pass - precondition
test_arithmetic.py(23, 4): ✅ pass - Check PFloorDiv exception
test_arithmetic.py(24, 4): ✅ pass - assert(…)
test_arithmetic.py(27, 4): ✅ pass - precondition
test_arithmetic.py(27, 4): ✅ pass - Check PMod exception
test_arithmetic.py(28, 4): ✅ pass - assert(…)
test_arithmetic.py(31, 21): ✅ pass - Check PNeg exception
test_arithmetic.py(31, 4): ✅ pass - precondition
test_arithmetic.py(31, 4): ✅ pass - Check PMod exception
test_arithmetic.py(32, 4): ✅ pass - assert(…)
DETAIL: 18 passed, 0 failed, 0 inconclusive
RESULT: Analysis success
