test_empty_dict_access.py(5, 8): ✅ pass - precondition
test_empty_dict_access.py(4, 7): ✅ pass - precondition
test_empty_dict_access.py(7, 8): ✅ pass - Check PNeg exception
test_empty_dict_access.py(8, 16): ✅ pass - Check PNeg exception
test_empty_dict_access.py(8, 4): ✅ pass - assert(…)
DETAIL: 5 passed, 0 failed, 0 inconclusive
RESULT: Analysis success
