test_class_methods.py(34, 4): ✔️ always true if reached - (Account@__init__ requires) Type constraint of owner
test_class_methods.py(34, 4): ✔️ always true if reached - (Account@__init__ requires) Type constraint of balance
test_class_methods.py(34, 4): ✔️ always true if reached - main_assert(471)_32
test_class_methods.py(34, 4): ✔️ always true if reached - get_owner should return Alice
test_class_methods.py(34, 4): ✔️ always true if reached - main_assert(564)_35
test_class_methods.py(34, 4): ✔️ always true if reached - get_balance should return 100
test_class_methods.py(34, 4): ✔️ always true if reached - (Account@set_balance requires) Type constraint of amount
test_class_methods.py(34, 4): ✔️ always true if reached - main_assert(678)_40
test_class_methods.py(34, 4): ✔️ always true if reached - set_balance should update balance
test_class_methods.py(34, 4): ✔️ always true if reached - (Origin_test_helper_procedure_Requires)req_name_is_foo
test_class_methods.py(34, 4): ✔️ always true if reached - (Origin_test_helper_procedure_Requires)req_opt_name_none_or_str
test_class_methods.py(34, 4): ✔️ always true if reached - (Origin_test_helper_procedure_Requires)req_opt_name_none_or_bar
test_class_methods.py(31, 4): ✔️ always true if reached - assert_name_is_foo
test_class_methods.py(31, 4): ✔️ always true if reached - assert_opt_name_none_or_str
test_class_methods.py(31, 4): ✔️ always true if reached - assert_opt_name_none_or_bar
DETAIL: 15 passed, 0 failed, 0 inconclusive
RESULT: Analysis success
