test_func_input_type_constraints.py(4, 4): ❓ unknown - Check PMul exception
test_func_input_type_constraints.py(9, 4): ❓ unknown - Check PAdd exception
test_func_input_type_constraints.py(12, 11): ❓ unknown - precondition
test_func_input_type_constraints.py(12, 4): ❓ unknown - precondition
DETAIL: 0 passed, 0 failed, 4 inconclusive
RESULT: Inconclusive
