test_procedure_in_assert.py(4, 4): ✅ pass - assert(…)
test_procedure_in_assert.py(5, 4): ✅ pass - (Origin_timedelta_Requires)
test_procedure_in_assert.py(5, 4): ✅ pass - (Origin_timedelta_Requires)hours_type
test_procedure_in_assert.py(5, 4): ✅ pass - (Origin_timedelta_Requires)days_pos
test_procedure_in_assert.py(5, 4): ✅ pass - (Origin_timedelta_Requires)hours_pos
test_procedure_in_assert.py(5, 17): ✅ pass - Check PSub exception
test_procedure_in_assert.py(6, 4): ✅ pass - assert(…)
test_procedure_in_assert.py(7, 4): ✅ pass - should pass
test_procedure_in_assert.py(3, 14): ✅ pass - (main ensures) Return type constraint
DETAIL: 9 passed, 0 failed, 0 inconclusive
RESULT: Analysis success
