test_return_types.py(15, 4): ✅ pass - Check PAdd exception
test_return_types.py(20, 4): ❓ unknown - assert(…)
test_return_types.py(23, 4): ❓ unknown - assert(…)
test_return_types.py(26, 4): ❓ unknown - assert(…)
test_return_types.py(29, 4): ❓ unknown - assert(…)
DETAIL: 1 passed, 0 failed, 4 inconclusive
RESULT: Inconclusive
