test_multi_function.py(9, 7): ✅ pass - precondition
test_multi_function.py(11, 7): ✅ pass - precondition
test_multi_function.py(18, 7): ✅ pass - Check PNot exception
test_multi_function.py(20, 4): ❓ unknown - precondition
test_multi_function.py(24, 4): ❓ unknown - assert(…)
DETAIL: 3 passed, 0 failed, 2 inconclusive
RESULT: Inconclusive
