DETAIL: Unsupported construct: `is not` is only supported with None
AST: StrataPython.expr.Compare
  { start := { byteIdx := 65 }, stop := { byteIdx := 75 } }
  (StrataPython.expr.Name
    { start := { byteIdx := 65 }, stop := { byteIdx := 66 } }
    { ann := { start := { byteIdx := 0 }, stop := { byteIdx := 0 } }, val := "x" }
    (StrataPython.expr_context.Load { start := { byteIdx := 0 }, stop := { byteIdx := 0 } }))
  { ann := { start := { byteIdx := 0 }, stop := { byteIdx := 0 } },
    val := #[StrataPython.cmpop.IsNot { start := { byteIdx := 0 }, stop := { byteIdx := 0 } }] }
  { ann := { start := { byteIdx := 0 }, stop := { byteIdx := 0 } },
    val := #[StrataPython.expr.Name
               { start := { byteIdx := 74 }, stop := { byteIdx := 75 } }
               { ann := { start := { byteIdx := 0 }, stop := { byteIdx := 0 } }, val := "y" }
               (StrataPython.expr_context.Load { start := { byteIdx := 0 }, stop := { byteIdx := 0 } })] }
RESULT: Known limitation
