test_while_loop.py(4, 10): ✅ pass - Check PGt exception
test_while_loop.py(5, 8): ✅ pass - Check PAdd exception
test_while_loop.py(6, 8): ✅ pass - Check PSub exception
test_while_loop.py(4, 4): ✅ pass - Check PGt exception
test_while_loop.py(7, 4): ❓ unknown - assert(…)
test_while_loop.py(13, 8): ✅ pass - Check PAdd exception
test_while_loop.py(16, 4): ❓ unknown (pass on 1 path, unknown on 1 path) - assert(…)
test_while_loop.py(22, 10): ✅ pass - Check PLt exception
test_while_loop.py(23, 8): ✅ pass - Check PAdd exception
test_while_loop.py(22, 4): ✅ pass - Check PLt exception
test_while_loop.py(27, 4): ❓ unknown - assert(…)
test_while_loop.py(26, 8): ✅ pass - Check PAdd exception
DETAIL: 9 passed, 0 failed, 3 inconclusive
RESULT: Inconclusive
