test_for_range.py(3, 0): ❓ unknown - precondition
test_for_range.py(4, 11): ❓ unknown - Check PLt exception
test_for_range.py(4, 4): ❓ unknown - assert(…)
test_for_range.py(5, 11): ❓ unknown - Check PGe exception
test_for_range.py(5, 4): ❓ unknown - assert(…)
test_for_range.py(6, 4): ❓ unknown - precondition
test_for_range.py(7, 11): ❓ unknown - Check PLt exception
test_for_range.py(7, 4): ❓ unknown - assert(…)
test_for_range.py(10, 15): ✅ pass - Check PNeg exception
test_for_range.py(10, 0): ❓ unknown - precondition
test_for_range.py(13, 0): ❓ unknown - assert(…)
DETAIL: 1 passed, 0 failed, 10 inconclusive
RESULT: Inconclusive
