V2 pipeline produced no Core: \[test_model_soundness_180_composite_value_split_boundary_program\.python\.st\.ion\([0-9]+-[0-9]+\) calling multi-output procedure 'value_type_usage' is not \(yet\) supported from a transparent procedure or contract, test_model_soundness_180_composite_value_split_boundary_program\.python\.st\.ion\([0-9]+-[0-9]+\) calling multi-output procedure 'counter_requires_rebinding' is not \(yet\) supported from a transparent procedure or contract, test_model_soundness_180_composite_value_split_boundary_program\.python\.st\.ion\([0-9]+-[0-9]+\) calling multi-output procedure 'composed_objects' is not \(yet\) supported from a transparent procedure or contract\]
