V2 pipeline produced no Core: \[test_model_soundness_375_classinstance_method_dispatch_uses_classname_not_static_type_program\.python\.st\.ion\([0-9]+-[0-9]+\) Resolution failed: 'name' is not defined, test_model_soundness_375_classinstance_method_dispatch_uses_classname_not_static_type_program\.python\.st\.ion\([0-9]+-[0-9]+\) Resolution failed: 'name' is not defined, test_model_soundness_375_classinstance_method_dispatch_uses_classname_not_static_type_program\.python\.st\.ion\([0-9]+-[0-9]+\) expected 'Animal', got 'Dog', test_model_soundness_375_classinstance_method_dispatch_uses_classname_not_static_type_program\.python\.st\.ion\([0-9]+-[0-9]+\) expected 'Animal', got 'Cat'\]
