V2 pipeline produced no Core: \[elaboration failure: main \(grade Strata\.FineGrainLaurel\.Grade\.err; REASON=lookupFuncSig: process\$0 not a function; #6/6: IfThenElse at StrataPythonTest/tests/test_type_checker_differentials_mypy_a4_overload_narrowing_program\.python\.st\.ion:961-1188 \[elaborates-at: \] \(then\) -> #2/3: Assign at StrataPythonTest/tests/test_type_checker_differentials_mypy_a4_overload_narrowing_program\.python\.st\.ion:1126-1154 \[elaborates-at: \] \(RHS=StaticCall\)\), test_type_checker_differentials_mypy_a4_overload_narrowing_program\.python\.st\.ion\([0-9]+-[0-9]+\) Duplicate definition 'process' is already defined in this scope, test_type_checker_differentials_mypy_a4_overload_narrowing_program\.python\.st\.ion\([0-9]+-[0-9]+\) Resolution failed: 'process\$0' is not defined\]
