V2 pipeline produced no Core: \[test_model_soundness_327_dataclass_cross_class_equality_program\.python\.st\.ion\([0-9]+-[0-9]+\) calling multi-output procedure 'same_class_equal' is not \(yet\) supported from a transparent procedure or contract, test_model_soundness_327_dataclass_cross_class_equality_program\.python\.st\.ion\([0-9]+-[0-9]+\) calling multi-output procedure 'different_class_same_fields' is not \(yet\) supported from a transparent procedure or contract, test_model_soundness_327_dataclass_cross_class_equality_program\.python\.st\.ion\([0-9]+-[0-9]+\) calling multi-output procedure 'different_class_not_equal' is not \(yet\) supported from a transparent procedure or contract, test_model_soundness_327_dataclass_cross_class_equality_program\.python\.st\.ion\([0-9]+-[0-9]+\) calling multi-output procedure 'three_classes_all_different' is not \(yet\) supported from a transparent procedure or contract\]
