V2 pipeline produced no Core: \[Resolution failed: 'real' is not defined, Resolution failed: 'real' is not defined, Resolution failed: 'real' is not defined, Resolution failed: 'real' is not defined, Resolution failed: 'real' is not defined, Resolution failed: 'real' is not defined, Resolution failed: 'real' is not defined, test_model_soundness_024_mixed_int_float_promotion_program\.python\.st\.ion\([0-9]+-[0-9]+\) Resolution failed: 'real' is not defined, test_model_soundness_024_mixed_int_float_promotion_program\.python\.st\.ion\([0-9]+-[0-9]+\) Resolution failed: 'real' is not defined, test_model_soundness_024_mixed_int_float_promotion_program\.python\.st\.ion\([0-9]+-[0-9]+\) Resolution failed: 'real' is not defined, test_model_soundness_024_mixed_int_float_promotion_program\.python\.st\.ion\([0-9]+-[0-9]+\) Resolution failed: 'real' is not defined\]
