V2 pipeline produced no Core: \[elaboration failure: wrapper \(grade Strata\.FineGrainLaurel\.Grade\.err; REASON=lookupFuncSig: PMatMul not a function; #5/7: Assign at StrataPythonTest/tests/test_pyresid_gr_un_binop_matmul_func\.python\.st\.ion:100-109 \[elaborates-at: \] \(RHS=StaticCall\)\), test_pyresid_gr_un_binop_matmul_func\.python\.st\.ion\([0-9]+-[0-9]+\) Resolution failed: 'PMatMul' is not defined\]
