V2 pipeline produced no Core: \[elaboration failure: __main__ \(grade Strata\.FineGrainLaurel\.Grade\.err; REASON=lookupEnv: defaultIdentifier not in env; #8/8: Assign at StrataPythonTest/tests/test_pyresid_gr_st_target_star\.python\.st\.ion:73-83 \[elaborates-at: \] \(RHS=StaticCall\)\), test_pyresid_gr_st_target_star\.python\.st\.ion\([0-9]+-[0-9]+\) Resolution failed: 'defaultIdentifier' is not defined\]
