V2 pipeline produced no Core: \[test_model_soundness_177_cross_object_method_value_semantics_program\.python\.st\.ion\([0-9]+-[0-9]+\) calling multi-output procedure 'multi_object_interaction' is not \(yet\) supported from a transparent procedure or contract, test_model_soundness_177_cross_object_method_value_semantics_program\.python\.st\.ion\([0-9]+-[0-9]+\) calling multi-output procedure 'transfer_between_accounts' is not \(yet\) supported from a transparent procedure or contract, test_model_soundness_177_cross_object_method_value_semantics_program\.python\.st\.ion\([0-9]+-[0-9]+\) calling multi-output procedure 'stale_reference_problem' is not \(yet\) supported from a transparent procedure or contract\]
