V2 pipeline produced no Core: \[test_model_soundness_439_string_len_after_concat_program\.python\.st\.ion\([0-9]+-[0-9]+\) calling multi-output procedure 'concat_len' is not \(yet\) supported from a transparent procedure or contract, test_model_soundness_439_string_len_after_concat_program\.python\.st\.ion\([0-9]+-[0-9]+\) calling multi-output procedure 'is_empty' is not \(yet\) supported from a transparent procedure or contract, test_model_soundness_439_string_len_after_concat_program\.python\.st\.ion\([0-9]+-[0-9]+\) calling multi-output procedure 'is_empty' is not \(yet\) supported from a transparent procedure or contract\]
