V2 pipeline produced no Core: \[test_model_soundness_061_subclass_fields_through_parent_type_program\.python\.st\.ion\([0-9]+-[0-9]+\) expected 'Vehicle', got 'Car', test_model_soundness_061_subclass_fields_through_parent_type_program\.python\.st\.ion\([0-9]+-[0-9]+\) expected 'Vehicle', got 'Car', test_model_soundness_061_subclass_fields_through_parent_type_program\.python\.st\.ion\([0-9]+-[0-9]+\) expected 'Vehicle', got 'Car'\]
