V2 pipeline produced no Core: \[elaboration failure: call_helper \(grade Strata\.FineGrainLaurel\.Grade\.err; REASON=lookupFuncSig: helper not a function; #2/3: Assign at StrataPythonTest/tests/test_global_readonly_declaration\.python\.st\.ion:136-151 \[elaborates-at: err,heapErr\] \(RHS=StaticCall\)\), test_global_readonly_declaration\.python\.st\.ion\([0-9]+-[0-9]+\) 'helper' resolves to variable, but expected parameter, static procedure, datatype constructor, datatype destructor, constant, coroutine type\]
