V2 pipeline produced no Core: \[test_model_soundness_029_dict_int_keys_not_supported_program\.python\.st\.ion\([0-9]+-[0-9]+\) expected 'string', got 'int', test_model_soundness_029_dict_int_keys_not_supported_program\.python\.st\.ion\([0-9]+-[0-9]+\) expected 'string', got 'int', test_model_soundness_029_dict_int_keys_not_supported_program\.python\.st\.ion\([0-9]+-[0-9]+\) expected 'string', got 'int'\]
