V2 pipeline produced no Core: \[test_model_soundness_463_recursive_dataclass_equality_unbounded_depth_program\.python\.st\.ion\([0-9]+-[0-9]+\) calling multi-output procedure 'test_shallow_equality' is not \(yet\) supported from a transparent procedure or contract, test_model_soundness_463_recursive_dataclass_equality_unbounded_depth_program\.python\.st\.ion\([0-9]+-[0-9]+\) calling multi-output procedure 'test_depth_two_equality' is not \(yet\) supported from a transparent procedure or contract, test_model_soundness_463_recursive_dataclass_equality_unbounded_depth_program\.python\.st\.ion\([0-9]+-[0-9]+\) calling multi-output procedure 'test_depth_three_inequality' is not \(yet\) supported from a transparent procedure or contract, test_model_soundness_463_recursive_dataclass_equality_unbounded_depth_program\.python\.st\.ion\([0-9]+-[0-9]+\) calling multi-output procedure 'test_length_mismatch' is not \(yet\) supported from a transparent procedure or contract\]
