V2 pipeline produced no Core: \[test_language_semantics_comprehensions_repros_k5_clash_semantics\.python\.st\.ion\([0-9]+-[0-9]+\) Resolution failed: 'n' is not defined, test_language_semantics_comprehensions_repros_k5_clash_semantics\.python\.st\.ion\([0-9]+-[0-9]+\) Resolution failed: 'n' is not defined, test_language_semantics_comprehensions_repros_k5_clash_semantics\.python\.st\.ion\([0-9]+-[0-9]+\) Resolution failed: 'tag' is not defined, test_language_semantics_comprehensions_repros_k5_clash_semantics\.python\.st\.ion\([0-9]+-[0-9]+\) expected 'string', got 'int', test_language_semantics_comprehensions_repros_k5_clash_semantics\.python\.st\.ion\([0-9]+-[0-9]+\) expected 'string', got 'int'\]
