V2 pipeline produced no Core: \[elaboration failure: main \(grade Strata\.FineGrainLaurel\.Grade\.err; REASON=lookupEnv: defaultIdentifier not in env; #2/5: Assign at StrataPythonTest/tests/test_type_checker_differentials_mypy_b4_missing_super_init_program\.python\.st\.ion:970-994 \[elaborates-at: \] \(RHS=<other>\)\), test_type_checker_differentials_mypy_b4_missing_super_init_program\.python\.st\.ion\([0-9]+-[0-9]+\) Resolution failed: 'defaultIdentifier' is not defined\]
