V2 pipeline produced no Core: \[elaboration failure: modify_one \(grade Strata\.FineGrainLaurel\.Grade\.err; REASON=lookupEnv: defaultIdentifier not in env; #2/2: Assign at StrataPythonTest/tests/test_model_soundness_104_composite_allocation_fresh_identity_program\.python\.st\.ion:1304-1324 \[elaborates-at: \] \(RHS=<other>\)\), test_model_soundness_104_composite_allocation_fresh_identity_program\.python\.st\.ion\([0-9]+-[0-9]+\) Resolution failed: 'defaultIdentifier' is not defined, test_model_soundness_104_composite_allocation_fresh_identity_program\.python\.st\.ion\([0-9]+-[0-9]+\) calling multi-output procedure 'create_two_boxes' is not \(yet\) supported from a transparent procedure or contract\]
