V2 pipeline produced no Core: \[test_model_soundness_426_keyword_arguments_reordered_at_call_program\.python\.st\.ion\([0-9]+-[0-9]+\) calling multi-output procedure 'divide' is not \(yet\) supported from a transparent procedure or contract, test_model_soundness_426_keyword_arguments_reordered_at_call_program\.python\.st\.ion\([0-9]+-[0-9]+\) calling multi-output procedure 'divide' is not \(yet\) supported from a transparent procedure or contract, test_model_soundness_426_keyword_arguments_reordered_at_call_program\.python\.st\.ion\([0-9]+-[0-9]+\) calling multi-output procedure 'power' is not \(yet\) supported from a transparent procedure or contract, test_model_soundness_426_keyword_arguments_reordered_at_call_program\.python\.st\.ion\([0-9]+-[0-9]+\) calling multi-output procedure 'power' is not \(yet\) supported from a transparent procedure or contract\]
