V2 pipeline produced no Core: \[elaboration failure: __main__ \(grade Strata\.FineGrainLaurel\.Grade\.err; REASON=lookupFuncSig: PMatMul not a function; #5/5: Assign at StrataPythonTest/tests/test_pyresid_gr_un_binop_matmul\.python\.st\.ion:64-73 \[elaborates-at: \] \(RHS=StaticCall\)\), test_pyresid_gr_un_binop_matmul\.python\.st\.ion\([0-9]+-[0-9]+\) Resolution failed: 'PMatMul' is not defined\]
