V2 pipeline produced no Core: \[test_model_soundness_465_string_repeat_length_no_axiom_connection_program\.python\.st\.ion\([0-9]+-[0-9]+\) calling multi-output procedure 'padding_check' is not \(yet\) supported from a transparent procedure or contract, test_model_soundness_465_string_repeat_length_no_axiom_connection_program\.python\.st\.ion\([0-9]+-[0-9]+\) calling multi-output procedure 'indent_check' is not \(yet\) supported from a transparent procedure or contract, test_model_soundness_465_string_repeat_length_no_axiom_connection_program\.python\.st\.ion\([0-9]+-[0-9]+\) calling multi-output procedure 'indent_check' is not \(yet\) supported from a transparent procedure or contract, test_model_soundness_465_string_repeat_length_no_axiom_connection_program\.python\.st\.ion\([0-9]+-[0-9]+\) calling multi-output procedure 'indent_check' is not \(yet\) supported from a transparent procedure or contract\]
