V2 pipeline produced no Core: \[test_model_soundness_097_dict_len_after_new_key_vs_overwrite_program\.python\.st\.ion\([0-9]+-[0-9]+\) calling multi-output procedure 'add_new_keys' is not \(yet\) supported from a transparent procedure or contract, test_model_soundness_097_dict_len_after_new_key_vs_overwrite_program\.python\.st\.ion\([0-9]+-[0-9]+\) calling multi-output procedure 'overwrite_same_key' is not \(yet\) supported from a transparent procedure or contract, test_model_soundness_097_dict_len_after_new_key_vs_overwrite_program\.python\.st\.ion\([0-9]+-[0-9]+\) calling multi-output procedure 'mixed_new_and_overwrite' is not \(yet\) supported from a transparent procedure or contract, test_model_soundness_097_dict_len_after_new_key_vs_overwrite_program\.python\.st\.ion\([0-9]+-[0-9]+\) calling multi-output procedure 'build_counter' is not \(yet\) supported from a transparent procedure or contract\]
