V2 pipeline produced no Core: \[test_model_soundness_234_dataclass_method_reads_field_after_caller_write_program\.python\.st\.ion\([0-9]+-[0-9]+\) calling multi-output procedure 'write_then_method' is not \(yet\) supported from a transparent procedure or contract, test_model_soundness_234_dataclass_method_reads_field_after_caller_write_program\.python\.st\.ion\([0-9]+-[0-9]+\) calling multi-output procedure 'modify_then_read_via_method' is not \(yet\) supported from a transparent procedure or contract, test_model_soundness_234_dataclass_method_reads_field_after_caller_write_program\.python\.st\.ion\([0-9]+-[0-9]+\) calling multi-output procedure 'chain_modifications' is not \(yet\) supported from a transparent procedure or contract\]
