V2 pipeline produced no Core: \[test_model_soundness_192_method_self_not_rebound_to_caller_program\.python\.st\.ion\([0-9]+-[0-9]+\) calling multi-output procedure 'caller_rebinds' is not \(yet\) supported from a transparent procedure or contract, test_model_soundness_192_method_self_not_rebound_to_caller_program\.python\.st\.ion\([0-9]+-[0-9]+\) calling multi-output procedure 'caller_forgets' is not \(yet\) supported from a transparent procedure or contract\]
