V2 pipeline produced no Core: \[test_type_checker_differentials_mypy_a15_super_mutation_program\.python\.st\.ion\([0-9]+-[0-9]+\) Resolution failed: 'x' is not defined, test_type_checker_differentials_mypy_a15_super_mutation_program\.python\.st\.ion\([0-9]+-[0-9]+\) Resolution failed: 'x' is not defined\]
