V2 pipeline produced no Core: \[elaboration failure: __main__ \(grade Strata\.FineGrainLaurel\.Grade\.err; REASON=lookupEnv: defaultIdentifier not in env; #11/27: Assign at StrataPythonTest/tests/test_language_semantics_ast_bytecode_040_unpack_ex_starred_list_supported\.python\.st\.ion:109-126 \[elaborates-at: \] \(RHS=StaticCall\)\), test_language_semantics_ast_bytecode_040_unpack_ex_starred_list_supported\.python\.st\.ion\([0-9]+-[0-9]+\) Resolution failed: 'defaultIdentifier' is not defined, test_language_semantics_ast_bytecode_040_unpack_ex_starred_list_supported\.python\.st\.ion\([0-9]+-[0-9]+\) Resolution failed: 'defaultIdentifier' is not defined, test_language_semantics_ast_bytecode_040_unpack_ex_starred_list_supported\.python\.st\.ion\([0-9]+-[0-9]+\) Resolution failed: 'defaultIdentifier' is not defined, test_language_semantics_ast_bytecode_040_unpack_ex_starred_list_supported\.python\.st\.ion\([0-9]+-[0-9]+\) Resolution failed: 'defaultIdentifier' is not defined\]
