V2 pipeline produced no Core: \[test_model_soundness_379_composite_classinstance_split_equality_broken_program\.python\.st\.ion\([0-9]+-[0-9]+\) calling multi-output procedure 'same_encoding_equality' is not \(yet\) supported from a transparent procedure or contract, test_model_soundness_379_composite_classinstance_split_equality_broken_program\.python\.st\.ion\([0-9]+-[0-9]+\) calling multi-output procedure 'different_instances_not_equal' is not \(yet\) supported from a transparent procedure or contract, test_model_soundness_379_composite_classinstance_split_equality_broken_program\.python\.st\.ion\([0-9]+-[0-9]+\) calling multi-output procedure 'equality_after_construction' is not \(yet\) supported from a transparent procedure or contract, test_model_soundness_379_composite_classinstance_split_equality_broken_program\.python\.st\.ion\([0-9]+-[0-9]+\) calling multi-output procedure 'equality_in_list_search' is not \(yet\) supported from a transparent procedure or contract\]
