V2 pipeline produced no Core: \[Resolution failed: 'real' is not defined, Resolution failed: 'real' is not defined, Resolution failed: 'real' is not defined, Resolution failed: 'real' is not defined, test_model_soundness_023_true_division_returns_float_program\.python\.st\.ion\([0-9]+-[0-9]+\) Resolution failed: 'real' is not defined, test_model_soundness_023_true_division_returns_float_program\.python\.st\.ion\([0-9]+-[0-9]+\) Resolution failed: 'real' is not defined, test_model_soundness_023_true_division_returns_float_program\.python\.st\.ion\([0-9]+-[0-9]+\) Resolution failed: 'real' is not defined, test_model_soundness_023_true_division_returns_float_program\.python\.st\.ion\([0-9]+-[0-9]+\) Resolution failed: 'real' is not defined\]
