V2 pipeline produced no Core: \[test_pyresid_t8_annotations\.python\.st\.ion\([0-9]+-[0-9]+\) expected 'int', got 'string', test_pyresid_t8_annotations\.python\.st\.ion\([0-9]+-[0-9]+\) expected 'int', got 'string', test_pyresid_t8_annotations\.python\.st\.ion\([0-9]+-[0-9]+\) expected 'int', got 'string'\]
