V2 pipeline produced no Core: \[elaboration failure: Registry@reset \(grade Strata\.FineGrainLaurel\.Grade\.err; REASON=lookupEnv: defaultIdentifier not in env; #1/1: Assign at StrataPythonTest/tests/test_type_checker_differentials_mypy_a34_staticmethod_class_var_program\.python\.st\.ion:721-744 \[elaborates-at: \] \(RHS=<other>\)\), test_type_checker_differentials_mypy_a34_staticmethod_class_var_program\.python\.st\.ion\([0-9]+-[0-9]+\) Resolution failed: 'defaultIdentifier' is not defined\]
