V2 pipeline produced no Core: \[test_model_soundness_358_list_method_expression_value_vs_side_effect_program\.python\.st\.ion\([0-9]+-[0-9]+\) calling multi-output procedure 'append_return_value' is not \(yet\) supported from a transparent procedure or contract, test_model_soundness_358_list_method_expression_value_vs_side_effect_program\.python\.st\.ion\([0-9]+-[0-9]+\) calling multi-output procedure 'sort_return_value' is not \(yet\) supported from a transparent procedure or contract, test_model_soundness_358_list_method_expression_value_vs_side_effect_program\.python\.st\.ion\([0-9]+-[0-9]+\) calling multi-output procedure 'chain_mistake' is not \(yet\) supported from a transparent procedure or contract\]
