V2 pipeline produced no Core: \[test_language_semantics_exceptions_dispatch_descriptor_precedence_case_12_property_beats_instance_field\.python\.st\.ion\([0-9]+-[0-9]+\) Resolution failed: '__dict__' is not defined, test_language_semantics_exceptions_dispatch_descriptor_precedence_case_12_property_beats_instance_field\.python\.st\.ion\([0-9]+-[0-9]+\) Resolution failed: '__dict__' is not defined\]
