V2 pipeline produced no Core: \[test_model_soundness_411_dataclass_constructor_field_value_unprovable_program\.python\.st\.ion\([0-9]+-[0-9]+\) calling multi-output procedure 'construct_and_read' is not \(yet\) supported from a transparent procedure or contract, test_model_soundness_411_dataclass_constructor_field_value_unprovable_program\.python\.st\.ion\([0-9]+-[0-9]+\) calling multi-output procedure 'construct_and_use_in_arithmetic' is not \(yet\) supported from a transparent procedure or contract, test_model_soundness_411_dataclass_constructor_field_value_unprovable_program\.python\.st\.ion\([0-9]+-[0-9]+\) calling multi-output procedure 'construct_three_fields' is not \(yet\) supported from a transparent procedure or contract, test_model_soundness_411_dataclass_constructor_field_value_unprovable_program\.python\.st\.ion\([0-9]+-[0-9]+\) calling multi-output procedure 'construct_and_pass' is not \(yet\) supported from a transparent procedure or contract\]
