V2 pipeline produced no Core: \[test_model_soundness_199_composite_frame_condition_unrelated_objects_program\.python\.st\.ion\([0-9]+-[0-9]+\) calling multi-output procedure 'one_update_others_preserved' is not \(yet\) supported from a transparent procedure or contract, test_model_soundness_199_composite_frame_condition_unrelated_objects_program\.python\.st\.ion\([0-9]+-[0-9]+\) calling multi-output procedure 'update_in_loop_preserves_others' is not \(yet\) supported from a transparent procedure or contract, test_model_soundness_199_composite_frame_condition_unrelated_objects_program\.python\.st\.ion\([0-9]+-[0-9]+\) calling multi-output procedure 'function_call_preserves_unrelated' is not \(yet\) supported from a transparent procedure or contract\]
