V2 pipeline produced no Core: \[elaboration failure: __main__ \(grade Strata\.FineGrainLaurel\.Grade\.err; REASON=lookupFuncSig: PMatMul not a function; #6/8: Assign at StrataPythonTest/tests/test_pyresid_gm_after_first\.python\.st\.ion:68-77 \[elaborates-at: \] \(RHS=StaticCall\)\), test_pyresid_gm_after_first\.python\.st\.ion\([0-9]+-[0-9]+\) Resolution failed: 'PMatMul' is not defined\]
