V2 pipeline produced no Core: \[test_model_soundness_279_value_sem_list_in_object_field_stale_program\.python\.st\.ion\([0-9]+-[0-9]+\) calling multi-output procedure 'wrong_pattern' is not \(yet\) supported from a transparent procedure or contract, test_model_soundness_279_value_sem_list_in_object_field_stale_program\.python\.st\.ion\([0-9]+-[0-9]+\) calling multi-output procedure 'correct_pattern' is not \(yet\) supported from a transparent procedure or contract\]
