V2 pipeline produced no Core: \[test_model_soundness_195_two_objects_same_class_independent_state_program\.python\.st\.ion\([0-9]+-[0-9]+\) calling multi-output procedure 'independent_objects' is not \(yet\) supported from a transparent procedure or contract, test_model_soundness_195_two_objects_same_class_independent_state_program\.python\.st\.ion\([0-9]+-[0-9]+\) calling multi-output procedure 'same_initial_state' is not \(yet\) supported from a transparent procedure or contract, test_model_soundness_195_two_objects_same_class_independent_state_program\.python\.st\.ion\([0-9]+-[0-9]+\) calling multi-output procedure 'caller_independence' is not \(yet\) supported from a transparent procedure or contract, test_model_soundness_195_two_objects_same_class_independent_state_program\.python\.st\.ion\([0-9]+-[0-9]+\) calling multi-output procedure 'list_of_independent_objects' is not \(yet\) supported from a transparent procedure or contract\]
