V2 pipeline produced no Core: \[test_model_soundness_200_when_does_class_become_composite_program\.python\.st\.ion\([0-9]+-[0-9]+\) calling multi-output procedure 'functional_stack_usage' is not \(yet\) supported from a transparent procedure or contract, test_model_soundness_200_when_does_class_become_composite_program\.python\.st\.ion\([0-9]+-[0-9]+\) calling multi-output procedure 'multiple_stacks_independent' is not \(yet\) supported from a transparent procedure or contract, test_model_soundness_200_when_does_class_become_composite_program\.python\.st\.ion\([0-9]+-[0-9]+\) calling multi-output procedure 'stack_snapshot' is not \(yet\) supported from a transparent procedure or contract\]
