V2 pipeline produced no Core: \[elaboration failure: Registry@__init__ \(grade Strata\.FineGrainLaurel\.Grade\.err; REASON=lookupEnv: defaultIdentifier not in env; #4/4: Assign at StrataPythonTest/tests/test_model_soundness_308_class_level_attribute_no_representation_program\.python\.st\.ion:1659-1694 \[elaborates-at: \] \(RHS=StaticCall\)\), elaboration failure: main \(grade Strata\.FineGrainLaurel\.Grade\.err; REASON=lookupEnv: defaultIdentifier not in env; #4/14: Assign at StrataPythonTest/tests/test_model_soundness_308_class_level_attribute_no_representation_program\.python\.st\.ion:2905-2923 \[elaborates-at: \] \(RHS=<other>\)\), test_model_soundness_308_class_level_attribute_no_representation_program\.python\.st\.ion\([0-9]+-[0-9]+\) Resolution failed: 'defaultIdentifier' is not defined, test_model_soundness_308_class_level_attribute_no_representation_program\.python\.st\.ion\([0-9]+-[0-9]+\) Resolution failed: 'defaultIdentifier' is not defined\]
