V2 pipeline produced no Core: \[test_model_soundness_216_subset_allows_list_aliasing_via_for_program\.python\.st\.ion\([0-9]+-[0-9]+\) calling multi-output procedure 'caller_sees_mutation' is not \(yet\) supported from a transparent procedure or contract, test_model_soundness_216_subset_allows_list_aliasing_via_for_program\.python\.st\.ion\([0-9]+-[0-9]+\) calling multi-output procedure 'caller_multiple' is not \(yet\) supported from a transparent procedure or contract, test_model_soundness_216_subset_allows_list_aliasing_via_for_program\.python\.st\.ion\([0-9]+-[0-9]+\) calling multi-output procedure 'caller_correct' is not \(yet\) supported from a transparent procedure or contract\]
