V2 pipeline produced no Core: \[test_model_soundness_315_continue_nested_loop_target_conflation_program\.python\.st\.ion\([0-9]+-[0-9]+\) calling multi-output procedure 'count_non_skipped_inner' is not \(yet\) supported from a transparent procedure or contract, test_model_soundness_315_continue_nested_loop_target_conflation_program\.python\.st\.ion\([0-9]+-[0-9]+\) calling multi-output procedure 'outer_accumulates_despite_inner_continue' is not \(yet\) supported from a transparent procedure or contract\]
