V2 pipeline produced no Core: \[test_model_soundness_339_isinstance_elif_exhaustive_narrowing_program\.python\.st\.ion\([0-9]+-[0-9]+\) Resolution failed: 'breed' is not defined, test_model_soundness_339_isinstance_elif_exhaustive_narrowing_program\.python\.st\.ion\([0-9]+-[0-9]+\) Resolution failed: 'indoor' is not defined, test_model_soundness_339_isinstance_elif_exhaustive_narrowing_program\.python\.st\.ion\([0-9]+-[0-9]+\) expected 'Animal', got 'Dog', test_model_soundness_339_isinstance_elif_exhaustive_narrowing_program\.python\.st\.ion\([0-9]+-[0-9]+\) expected 'Animal', got 'Cat', identifier 'breed' missing uniqueId \(not resolved\), identifier 'indoor' missing uniqueId \(not resolved\)\]
