V2 pipeline produced no Core: \[test_model_soundness_064_isinstance_narrowing_field_access_program\.python\.st\.ion\([0-9]+-[0-9]+\) Resolution failed: 'width' is not defined, test_model_soundness_064_isinstance_narrowing_field_access_program\.python\.st\.ion\([0-9]+-[0-9]+\) Resolution failed: 'height' is not defined, test_model_soundness_064_isinstance_narrowing_field_access_program\.python\.st\.ion\([0-9]+-[0-9]+\) Resolution failed: 'radius' is not defined, test_model_soundness_064_isinstance_narrowing_field_access_program\.python\.st\.ion\([0-9]+-[0-9]+\) expected 'Shape', got 'Rectangle', test_model_soundness_064_isinstance_narrowing_field_access_program\.python\.st\.ion\([0-9]+-[0-9]+\) expected 'Shape', got 'Circle', identifier 'width' missing uniqueId \(not resolved\), identifier 'height' missing uniqueId \(not resolved\), identifier 'radius' missing uniqueId \(not resolved\)\]
