V2 pipeline produced no Core: \[test_model_soundness_193_init_must_produce_complete_classinstance_program\.python\.st\.ion\([0-9]+-[0-9]+\) calling multi-output procedure 'dataclass_always_complete' is not \(yet\) supported from a transparent procedure or contract, test_model_soundness_193_init_must_produce_complete_classinstance_program\.python\.st\.ion\([0-9]+-[0-9]+\) calling multi-output procedure 'manual_init_complete' is not \(yet\) supported from a transparent procedure or contract, test_model_soundness_193_init_must_produce_complete_classinstance_program\.python\.st\.ion\([0-9]+-[0-9]+\) calling multi-output procedure 'conditional_init_both_paths' is not \(yet\) supported from a transparent procedure or contract\]
