V2 pipeline produced no Core: \[test_model_soundness_461_method_return_self_identity_vs_copy_program\.python\.st\.ion\([0-9]+-[0-9]+\) calling multi-output procedure 'test_conditional_self_return' is not \(yet\) supported from a transparent procedure or contract, test_model_soundness_461_method_return_self_identity_vs_copy_program\.python\.st\.ion\([0-9]+-[0-9]+\) calling multi-output procedure 'test_normalize_idempotent' is not \(yet\) supported from a transparent procedure or contract, test_model_soundness_461_method_return_self_identity_vs_copy_program\.python\.st\.ion\([0-9]+-[0-9]+\) calling multi-output procedure 'test_chain_operations' is not \(yet\) supported from a transparent procedure or contract\]
