V2 pipeline produced no Core: \[test_model_soundness_016_class_instance_truthiness_unconstrained_program\.python\.st\.ion\([0-9]+-[0-9]+\) A set of procedure overloads must not have any external procedures, CoreDefinitionsForLaurel\.lean\([0-9]+-[0-9]+\) calling multi-output procedure 'select' is not \(yet\) supported from a transparent procedure or contract, CoreDefinitionsForLaurel\.lean\([0-9]+-[0-9]+\) calling multi-output procedure 'select' is not \(yet\) supported from a transparent procedure or contract\]
