V2 pipeline produced no Core: \[elaboration failure: Tracker@__eq__ \(grade Strata\.FineGrainLaurel\.Grade\.err; REASON=lookupEnv: defaultIdentifier not in env; #3/6: Assign at StrataPythonTest/tests/test_language_semantics_cpython_runtime_008_comparison_boundary\.python\.st\.ion:412-433 \[elaborates-at: \] \(RHS=StaticCall\)\), test_language_semantics_cpython_runtime_008_comparison_boundary\.python\.st\.ion\([0-9]+-[0-9]+\) Resolution failed: 'defaultIdentifier' is not defined\]
