V2 pipeline produced no Core: \[test_model_soundness_366_dict_frame_axiom_set_preserves_other_keys_program\.python\.st\.ion\([0-9]+-[0-9]+\) calling multi-output procedure 'set_preserves_other' is not \(yet\) supported from a transparent procedure or contract, test_model_soundness_366_dict_frame_axiom_set_preserves_other_keys_program\.python\.st\.ion\([0-9]+-[0-9]+\) calling multi-output procedure 'multiple_sets_preserve' is not \(yet\) supported from a transparent procedure or contract, test_model_soundness_366_dict_frame_axiom_set_preserves_other_keys_program\.python\.st\.ion\([0-9]+-[0-9]+\) calling multi-output procedure 'build_then_read_all' is not \(yet\) supported from a transparent procedure or contract\]
