V2 pipeline produced no Core: \[test_pyhard_17_for_else_boundness_checked\.python\.st\.ion\([0-9]+-[0-9]+\) Resolution failed: '__name__' is not defined, test_pyhard_17_for_else_boundness_checked\.python\.st\.ion\([0-9]+-[0-9]+\) Resolution failed: '__name__' is not defined, test_pyhard_17_for_else_boundness_checked\.python\.st\.ion\([0-9]+-[0-9]+\) calling multi-output procedure '_pyhard_runtime_conforms' is not \(yet\) supported from a transparent procedure or contract\]
