V2 pipeline produced no Core: \[test_model_soundness_369_dict_equality_order_independent_assoc_list_not_program\.python\.st\.ion\([0-9]+-[0-9]+\) calling multi-output procedure 'same_content_different_order' is not \(yet\) supported from a transparent procedure or contract, test_model_soundness_369_dict_equality_order_independent_assoc_list_not_program\.python\.st\.ion\([0-9]+-[0-9]+\) calling multi-output procedure 'literal_vs_built' is not \(yet\) supported from a transparent procedure or contract, test_model_soundness_369_dict_equality_order_independent_assoc_list_not_program\.python\.st\.ion\([0-9]+-[0-9]+\) calling multi-output procedure 'function_returns_equivalent' is not \(yet\) supported from a transparent procedure or contract\]
