V2 pipeline produced no Core: \[test_model_soundness_300_fix_ast_rejection_rules_aliasing_program\.python\.st\.ion\([0-9]+-[0-9]+\) calling multi-output procedure 'safe_usage' is not \(yet\) supported from a transparent procedure or contract, test_model_soundness_300_fix_ast_rejection_rules_aliasing_program\.python\.st\.ion\([0-9]+-[0-9]+\) calling multi-output procedure 'safe_list_usage' is not \(yet\) supported from a transparent procedure or contract\]
