V2 pipeline produced no Core: \[test_model_soundness_376_composite_in_any_no_classname_or_fields_program\.python\.st\.ion\([0-9]+-[0-9]+\) Resolution failed: 'breed' is not defined, test_model_soundness_376_composite_in_any_no_classname_or_fields_program\.python\.st\.ion\([0-9]+-[0-9]+\) expected 'Animal', got 'Dog', test_model_soundness_376_composite_in_any_no_classname_or_fields_program\.python\.st\.ion\([0-9]+-[0-9]+\) Resolution failed: 'name' is not defined, test_model_soundness_376_composite_in_any_no_classname_or_fields_program\.python\.st\.ion\([0-9]+-[0-9]+\) Resolution failed: 'legs' is not defined, identifier 'breed' missing uniqueId \(not resolved\), identifier 'name' missing uniqueId \(not resolved\), identifier 'legs' missing uniqueId \(not resolved\)\]
