V2 pipeline produced no Core: \[Resolution failed: 'real' is not defined, Resolution failed: 'real' is not defined, Resolution failed: 'real' is not defined, test_language_semantics_cpython_runtime_001_binary_operators_supported\.python\.st\.ion\([0-9]+-[0-9]+\) Resolution failed: 'real' is not defined, test_language_semantics_cpython_runtime_001_binary_operators_supported\.python\.st\.ion\([0-9]+-[0-9]+\) Resolution failed: 'real' is not defined, test_language_semantics_cpython_runtime_001_binary_operators_supported\.python\.st\.ion\([0-9]+-[0-9]+\) Resolution failed: 'real' is not defined, test_language_semantics_cpython_runtime_001_binary_operators_supported\.python\.st\.ion\([0-9]+-[0-9]+\) Resolution failed: 'real' is not defined, test_language_semantics_cpython_runtime_001_binary_operators_supported\.python\.st\.ion\([0-9]+-[0-9]+\) Resolution failed: 'real' is not defined\]
