V2 pipeline produced no Core: \[test_model_soundness_364_list_returned_from_function_independence_program\.python\.st\.ion\([0-9]+-[0-9]+\) calling multi-output procedure 'test_factory_independence' is not \(yet\) supported from a transparent procedure or contract, test_model_soundness_364_list_returned_from_function_independence_program\.python\.st\.ion\([0-9]+-[0-9]+\) calling multi-output procedure 'test_accessor_aliasing' is not \(yet\) supported from a transparent procedure or contract\]
