V2 pipeline produced no Core: \[test_model_soundness_392_object_in_two_dict_values_modification_invisible_program\.python\.st\.ion\([0-9]+-[0-9]+\) calling multi-output procedure 'store_same_object_two_keys' is not \(yet\) supported from a transparent procedure or contract, test_model_soundness_392_object_in_two_dict_values_modification_invisible_program\.python\.st\.ion\([0-9]+-[0-9]+\) calling multi-output procedure 'store_in_list_and_dict' is not \(yet\) supported from a transparent procedure or contract, test_model_soundness_392_object_in_two_dict_values_modification_invisible_program\.python\.st\.ion\([0-9]+-[0-9]+\) calling multi-output procedure 'multiple_list_positions' is not \(yet\) supported from a transparent procedure or contract\]
