V2 pipeline produced no Core: \[test_model_soundness_393_list_element_is_same_object_as_variable_program\.python\.st\.ion\([0-9]+-[0-9]+\) calling multi-output procedure 'variable_and_list_element' is not \(yet\) supported from a transparent procedure or contract, test_model_soundness_393_list_element_is_same_object_as_variable_program\.python\.st\.ion\([0-9]+-[0-9]+\) calling multi-output procedure 'build_list_then_reassign_source' is not \(yet\) supported from a transparent procedure or contract, test_model_soundness_393_list_element_is_same_object_as_variable_program\.python\.st\.ion\([0-9]+-[0-9]+\) calling multi-output procedure 'function_modifies_local_not_list' is not \(yet\) supported from a transparent procedure or contract\]
