V2 pipeline produced no Core: \[test_model_soundness_368_dict_len_conditional_on_key_existence_program\.python\.st\.ion\([0-9]+-[0-9]+\) calling multi-output procedure 'overwrite_same_len' is not \(yet\) supported from a transparent procedure or contract, test_model_soundness_368_dict_len_conditional_on_key_existence_program\.python\.st\.ion\([0-9]+-[0-9]+\) calling multi-output procedure 'new_key_grows_len' is not \(yet\) supported from a transparent procedure or contract, test_model_soundness_368_dict_len_conditional_on_key_existence_program\.python\.st\.ion\([0-9]+-[0-9]+\) calling multi-output procedure 'mixed_operations' is not \(yet\) supported from a transparent procedure or contract\]
