V2 pipeline produced no Core: \[test_model_soundness_148_isinstance_bool_is_int_subclass_program\.python\.st\.ion\([0-9]+-[0-9]+\) calling multi-output procedure 'check_bool_is_int' is not \(yet\) supported from a transparent procedure or contract, test_model_soundness_148_isinstance_bool_is_int_subclass_program\.python\.st\.ion\([0-9]+-[0-9]+\) calling multi-output procedure 'is_integer' is not \(yet\) supported from a transparent procedure or contract\]
