V2 pipeline produced no Core: \[test_model_soundness_458_tuple_unpack_assignment_at_call_site_program\.python\.st\.ion\([0-9]+-[0-9]+\) calling multi-output procedure 'unpack_min_max' is not \(yet\) supported from a transparent procedure or contract, test_model_soundness_458_tuple_unpack_assignment_at_call_site_program\.python\.st\.ion\([0-9]+-[0-9]+\) calling multi-output procedure 'unpack_in_loop' is not \(yet\) supported from a transparent procedure or contract, test_model_soundness_458_tuple_unpack_assignment_at_call_site_program\.python\.st\.ion\([0-9]+-[0-9]+\) calling multi-output procedure 'unpack_and_use_both' is not \(yet\) supported from a transparent procedure or contract, test_model_soundness_458_tuple_unpack_assignment_at_call_site_program\.python\.st\.ion\([0-9]+-[0-9]+\) calling multi-output procedure 'unpack_nested_call' is not \(yet\) supported from a transparent procedure or contract\]
