V2 pipeline produced no Core: \[test_model_soundness_170_list_append_return_none_not_new_list_program\.python\.st\.ion\([0-9]+-[0-9]+\) calling multi-output procedure 'append_returns_none' is not \(yet\) supported from a transparent procedure or contract, test_model_soundness_170_list_append_return_none_not_new_list_program\.python\.st\.ion\([0-9]+-[0-9]+\) calling multi-output procedure 'append_modifies_list' is not \(yet\) supported from a transparent procedure or contract\]
